../Core/Src/myFunc/MotorCtrl.c:13:6:Motor_Data_Init	4	static
../Core/Src/myFunc/MotorCtrl.c:370:6:Motor5_AB	8	static
../Core/Src/myFunc/MotorCtrl.c:372:6:Motor5_aB	8	static
../Core/Src/myFunc/MotorCtrl.c:374:6:Motor5_ab	8	static
../Core/Src/myFunc/MotorCtrl.c:376:6:Motor5_Ab	8	static
../Core/Src/myFunc/MotorCtrl.c:378:6:Motor5_Release	8	static
../Core/Src/myFunc/MotorCtrl.c:381:6:Motor6_AB	8	static
../Core/Src/myFunc/MotorCtrl.c:383:6:Motor6_aB	8	static
../Core/Src/myFunc/MotorCtrl.c:385:6:Motor6_ab	8	static
../Core/Src/myFunc/MotorCtrl.c:387:6:Motor6_Ab	8	static
../Core/Src/myFunc/MotorCtrl.c:389:6:Motor6_A	8	static
../Core/Src/myFunc/MotorCtrl.c:391:6:Motor6_a	8	static
../Core/Src/myFunc/MotorCtrl.c:393:6:Motor6_B	8	static
../Core/Src/myFunc/MotorCtrl.c:395:6:Motor6_b	8	static
../Core/Src/myFunc/MotorCtrl.c:397:6:Motor6_A_release	8	static
../Core/Src/myFunc/MotorCtrl.c:399:6:Motor6_B_release	8	static
../Core/Src/myFunc/MotorCtrl.c:401:6:Motor6_Release	8	static
../Core/Src/myFunc/MotorCtrl.c:404:6:Motor7_AB	8	static
../Core/Src/myFunc/MotorCtrl.c:406:6:Motor7_aB	8	static
../Core/Src/myFunc/MotorCtrl.c:408:6:Motor7_ab	8	static
../Core/Src/myFunc/MotorCtrl.c:410:6:Motor7_Ab	8	static
../Core/Src/myFunc/MotorCtrl.c:412:6:Motor7_Release	8	static
../Core/Src/myFunc/MotorCtrl.c:415:6:print_MotorInformation	16	static
../Core/Src/myFunc/MotorCtrl.c:446:6:ALL_Motors_Disable	8	static
../Core/Src/myFunc/MotorCtrl.c:461:9:ALL_Motors_Init	24	static
../Core/Src/myFunc/MotorCtrl.c:549:10:AccelDecelTimeCompute	24	static
../Core/Src/myFunc/MotorCtrl.c:560:6:AccelDecel	16	static
../Core/Src/myFunc/MotorCtrl.c:585:6:Motor_AccelDecel_waveCalculate	32	static
../Core/Src/myFunc/MotorCtrl.c:615:6:MotorDirection_SetUp	16	static
../Core/Src/myFunc/MotorCtrl.c:655:6:MotorMove_steps	16	static
../Core/Src/myFunc/MotorCtrl.c:708:6:MotorMove_position	16	static
../Core/Src/myFunc/MotorCtrl.c:774:6:MotorMove_position_lowspeed	24	static
../Core/Src/myFunc/MotorCtrl.c:883:6:MotorRun_LowSpeed	16	static
../Core/Src/myFunc/MotorCtrl.c:927:9:Motor_Reset	64	static
../Core/Src/myFunc/MotorCtrl.c:1138:9:Motor4_SuckInMode	24	static
../Core/Src/myFunc/MotorCtrl.c:1183:9:Motor4_PushOutMode	24	static
../Core/Src/myFunc/MotorCtrl.c:1224:6:DC_Motor_ON	24	static
../Core/Src/myFunc/MotorCtrl.c:1256:6:DC_Motor_OFF	16	static
