../Core/Src/myFunc/MotorCtrl.c:13:6:Motor_Data_Init	4	static
../Core/Src/myFunc/MotorCtrl.c:284:6:Motor5_AB	8	static
../Core/Src/myFunc/MotorCtrl.c:286:6:Motor5_aB	8	static
../Core/Src/myFunc/MotorCtrl.c:288:6:Motor5_ab	8	static
../Core/Src/myFunc/MotorCtrl.c:290:6:Motor5_Ab	8	static
../Core/Src/myFunc/MotorCtrl.c:292:6:Motor5_Release	8	static
../Core/Src/myFunc/MotorCtrl.c:295:6:Motor6_AB	8	static
../Core/Src/myFunc/MotorCtrl.c:297:6:Motor6_aB	8	static
../Core/Src/myFunc/MotorCtrl.c:299:6:Motor6_ab	8	static
../Core/Src/myFunc/MotorCtrl.c:301:6:Motor6_Ab	8	static
../Core/Src/myFunc/MotorCtrl.c:303:6:Motor6_A	8	static
../Core/Src/myFunc/MotorCtrl.c:305:6:Motor6_a	8	static
../Core/Src/myFunc/MotorCtrl.c:307:6:Motor6_B	8	static
../Core/Src/myFunc/MotorCtrl.c:309:6:Motor6_b	8	static
../Core/Src/myFunc/MotorCtrl.c:311:6:Motor6_A_release	8	static
../Core/Src/myFunc/MotorCtrl.c:313:6:Motor6_B_release	8	static
../Core/Src/myFunc/MotorCtrl.c:315:6:Motor6_Release	8	static
../Core/Src/myFunc/MotorCtrl.c:318:6:Motor7_AB	8	static
../Core/Src/myFunc/MotorCtrl.c:320:6:Motor7_aB	8	static
../Core/Src/myFunc/MotorCtrl.c:322:6:Motor7_ab	8	static
../Core/Src/myFunc/MotorCtrl.c:324:6:Motor7_Ab	8	static
../Core/Src/myFunc/MotorCtrl.c:326:6:Motor7_Release	8	static
../Core/Src/myFunc/MotorCtrl.c:329:6:print_MotorInformation	16	static
../Core/Src/myFunc/MotorCtrl.c:360:6:ALL_Motors_Disable	8	static
../Core/Src/myFunc/MotorCtrl.c:375:9:ALL_Motors_Init	24	static
../Core/Src/myFunc/MotorCtrl.c:463:10:AccelDecelTimeCompute	24	static
../Core/Src/myFunc/MotorCtrl.c:474:6:AccelDecel	16	static
../Core/Src/myFunc/MotorCtrl.c:499:6:Motor_AccelDecel_waveCalculate	32	static
../Core/Src/myFunc/MotorCtrl.c:529:6:MotorDirection_SetUp	16	static
../Core/Src/myFunc/MotorCtrl.c:569:6:MotorMove_steps	16	static
../Core/Src/myFunc/MotorCtrl.c:622:6:MotorMove_position	16	static
../Core/Src/myFunc/MotorCtrl.c:688:6:MotorMove_position_lowspeed	16	static
../Core/Src/myFunc/MotorCtrl.c:796:6:MotorRun_LowSpeed	16	static
../Core/Src/myFunc/MotorCtrl.c:840:9:Motor_Reset	64	static
../Core/Src/myFunc/MotorCtrl.c:1050:9:Motor4_SuckInMode	24	static
../Core/Src/myFunc/MotorCtrl.c:1095:9:Motor4_PushOutMode	24	static
../Core/Src/myFunc/MotorCtrl.c:1136:6:DC_Motor_ON	24	static
../Core/Src/myFunc/MotorCtrl.c:1168:6:DC_Motor_OFF	16	static
