../Core/Src/myFunc/MotorCtrl.c:13:6:Motor_Data_Init	4	static
../Core/Src/myFunc/MotorCtrl.c:308:6:Motor5_AB	8	static
../Core/Src/myFunc/MotorCtrl.c:310:6:Motor5_aB	8	static
../Core/Src/myFunc/MotorCtrl.c:312:6:Motor5_ab	8	static
../Core/Src/myFunc/MotorCtrl.c:314:6:Motor5_Ab	8	static
../Core/Src/myFunc/MotorCtrl.c:316:6:Motor5_Release	8	static
../Core/Src/myFunc/MotorCtrl.c:319:6:Motor6_AB	8	static
../Core/Src/myFunc/MotorCtrl.c:321:6:Motor6_aB	8	static
../Core/Src/myFunc/MotorCtrl.c:323:6:Motor6_ab	8	static
../Core/Src/myFunc/MotorCtrl.c:325:6:Motor6_Ab	8	static
../Core/Src/myFunc/MotorCtrl.c:327:6:Motor6_A	8	static
../Core/Src/myFunc/MotorCtrl.c:329:6:Motor6_a	8	static
../Core/Src/myFunc/MotorCtrl.c:331:6:Motor6_B	8	static
../Core/Src/myFunc/MotorCtrl.c:333:6:Motor6_b	8	static
../Core/Src/myFunc/MotorCtrl.c:335:6:Motor6_A_release	8	static
../Core/Src/myFunc/MotorCtrl.c:337:6:Motor6_B_release	8	static
../Core/Src/myFunc/MotorCtrl.c:339:6:Motor6_Release	8	static
../Core/Src/myFunc/MotorCtrl.c:342:6:Motor7_AB	8	static
../Core/Src/myFunc/MotorCtrl.c:344:6:Motor7_aB	8	static
../Core/Src/myFunc/MotorCtrl.c:346:6:Motor7_ab	8	static
../Core/Src/myFunc/MotorCtrl.c:348:6:Motor7_Ab	8	static
../Core/Src/myFunc/MotorCtrl.c:350:6:Motor7_Release	8	static
../Core/Src/myFunc/MotorCtrl.c:353:6:print_MotorInformation	16	static
../Core/Src/myFunc/MotorCtrl.c:384:6:ALL_Motors_Disable	8	static
../Core/Src/myFunc/MotorCtrl.c:399:9:ALL_Motors_Init	24	static
../Core/Src/myFunc/MotorCtrl.c:487:10:AccelDecelTimeCompute	24	static
../Core/Src/myFunc/MotorCtrl.c:498:6:AccelDecel	16	static
../Core/Src/myFunc/MotorCtrl.c:523:6:Motor_AccelDecel_waveCalculate	32	static
../Core/Src/myFunc/MotorCtrl.c:553:6:MotorDirection_SetUp	16	static
../Core/Src/myFunc/MotorCtrl.c:593:6:MotorMove_steps	16	static
../Core/Src/myFunc/MotorCtrl.c:646:6:MotorMove_position	16	static
../Core/Src/myFunc/MotorCtrl.c:712:6:MotorMove_position_lowspeed	24	static
../Core/Src/myFunc/MotorCtrl.c:821:6:MotorRun_LowSpeed	16	static
../Core/Src/myFunc/MotorCtrl.c:865:9:Motor_Reset	64	static
../Core/Src/myFunc/MotorCtrl.c:1076:9:Motor4_SuckInMode	24	static
../Core/Src/myFunc/MotorCtrl.c:1121:9:Motor4_PushOutMode	24	static
../Core/Src/myFunc/MotorCtrl.c:1162:6:DC_Motor_ON	24	static
../Core/Src/myFunc/MotorCtrl.c:1194:6:DC_Motor_OFF	16	static
