../Core/Src/myFunc/MotorCtrl.c:13:6:Motor_Data_Init	4	static
../Core/Src/myFunc/MotorCtrl.c:309:6:Motor5_AB	8	static
../Core/Src/myFunc/MotorCtrl.c:311:6:Motor5_aB	8	static
../Core/Src/myFunc/MotorCtrl.c:313:6:Motor5_ab	8	static
../Core/Src/myFunc/MotorCtrl.c:315:6:Motor5_Ab	8	static
../Core/Src/myFunc/MotorCtrl.c:317:6:Motor5_Release	8	static
../Core/Src/myFunc/MotorCtrl.c:320:6:Motor6_AB	8	static
../Core/Src/myFunc/MotorCtrl.c:322:6:Motor6_aB	8	static
../Core/Src/myFunc/MotorCtrl.c:324:6:Motor6_ab	8	static
../Core/Src/myFunc/MotorCtrl.c:326:6:Motor6_Ab	8	static
../Core/Src/myFunc/MotorCtrl.c:328:6:Motor6_A	8	static
../Core/Src/myFunc/MotorCtrl.c:330:6:Motor6_a	8	static
../Core/Src/myFunc/MotorCtrl.c:332:6:Motor6_B	8	static
../Core/Src/myFunc/MotorCtrl.c:334:6:Motor6_b	8	static
../Core/Src/myFunc/MotorCtrl.c:336:6:Motor6_A_release	8	static
../Core/Src/myFunc/MotorCtrl.c:338:6:Motor6_B_release	8	static
../Core/Src/myFunc/MotorCtrl.c:340:6:Motor6_Release	8	static
../Core/Src/myFunc/MotorCtrl.c:343:6:Motor7_AB	8	static
../Core/Src/myFunc/MotorCtrl.c:345:6:Motor7_aB	8	static
../Core/Src/myFunc/MotorCtrl.c:347:6:Motor7_ab	8	static
../Core/Src/myFunc/MotorCtrl.c:349:6:Motor7_Ab	8	static
../Core/Src/myFunc/MotorCtrl.c:351:6:Motor7_Release	8	static
../Core/Src/myFunc/MotorCtrl.c:354:6:print_MotorInformation	16	static
../Core/Src/myFunc/MotorCtrl.c:385:6:ALL_Motors_Disable	8	static
../Core/Src/myFunc/MotorCtrl.c:400:9:ALL_Motors_Init	24	static
../Core/Src/myFunc/MotorCtrl.c:488:10:AccelDecelTimeCompute	24	static
../Core/Src/myFunc/MotorCtrl.c:499:6:AccelDecel	16	static
../Core/Src/myFunc/MotorCtrl.c:524:6:Motor_AccelDecel_waveCalculate	32	static
../Core/Src/myFunc/MotorCtrl.c:554:6:MotorDirection_SetUp	16	static
../Core/Src/myFunc/MotorCtrl.c:594:6:MotorMove_steps	16	static
../Core/Src/myFunc/MotorCtrl.c:647:6:MotorMove_position	16	static
../Core/Src/myFunc/MotorCtrl.c:713:6:MotorMove_position_lowspeed	24	static
../Core/Src/myFunc/MotorCtrl.c:822:6:MotorRun_LowSpeed	16	static
../Core/Src/myFunc/MotorCtrl.c:866:9:Motor_Reset	64	static
../Core/Src/myFunc/MotorCtrl.c:1077:9:Motor4_SuckInMode	24	static
../Core/Src/myFunc/MotorCtrl.c:1122:9:Motor4_PushOutMode	24	static
../Core/Src/myFunc/MotorCtrl.c:1163:6:DC_Motor_ON	24	static
../Core/Src/myFunc/MotorCtrl.c:1195:6:DC_Motor_OFF	16	static
